{"level":"info","message":"MongoDB-ga ulandi","timestamp":"2024-12-26T13:23:51.850Z"}
{"level":"info","message":"Server 4000-portda ishga tushdi","timestamp":"2024-12-26T13:23:51.854Z"}
{"level":"info","message":"Muhit: undefined","timestamp":"2024-12-26T13:23:51.854Z"}
{"level":"info","message":"MongoDB-ga ulandi","timestamp":"2024-12-26T13:24:16.956Z"}
{"address":"::","code":"EADDRINUSE","errno":-98,"level":"error","message":"Kutilmagan xato: listen EADDRINUSE: address already in use :::4000","port":4000,"stack":"Error: listen EADDRINUSE: address already in use :::4000\n    at Server.setupListenHandle [as _listen2] (node:net:1908:16)\n    at listenInCluster (node:net:1965:12)\n    at Server.listen (node:net:2067:7)\n    at Function.listen (/home/zufar/Desktop/Examination/ustoz_shogirt_bot/node_modules/express/lib/application.js:635:24)\n    at serverniIshgaTushirish (file:///home/zufar/Desktop/Examination/ustoz_shogirt_bot/index.js:111:18)\n    at process.processTicksAndRejections (node:internal/process/task_queues:95:5)","syscall":"listen","timestamp":"2024-12-26T13:24:16.960Z"}
{"level":"info","message":"Toxtatish signali qabul qilindi. Xizmatni to'xtatish boshlandi...","timestamp":"2024-12-26T13:24:16.961Z"}
{"level":"info","message":"HTTP server to'xtatildi","timestamp":"2024-12-26T13:24:16.961Z"}
{"level":"info","message":"Toxtatish signali qabul qilindi. Xizmatni to'xtatish boshlandi...","timestamp":"2024-12-26T13:24:24.830Z"}
{"level":"info","message":"MongoDB-ga ulandi","timestamp":"2024-12-26T13:24:35.278Z"}
{"level":"info","message":"Server 4000-portda ishga tushdi","timestamp":"2024-12-26T13:24:35.282Z"}
{"level":"info","message":"Muhit: undefined","timestamp":"2024-12-26T13:24:35.282Z"}
{"level":"info","message":"MongoDB-ga ulandi","timestamp":"2024-12-26T13:25:14.640Z"}
{"level":"info","message":"Toxtatish signali qabul qilindi. Xizmatni to'xtatish boshlandi...","timestamp":"2024-12-26T13:26:08.254Z"}
{"level":"info","message":"MongoDB-ga ulandi","timestamp":"2024-12-26T13:26:33.960Z"}
{"level":"info","message":"Server 4004-portda ishga tushdi","timestamp":"2024-12-26T13:26:33.963Z"}
{"level":"info","message":"Muhit: undefined","timestamp":"2024-12-26T13:26:33.963Z"}
{"level":"info","message":"MongoDB-ga ulandi","timestamp":"2024-12-26T13:26:53.621Z"}
{"level":"info","message":"MongoDB-ga ulandi","timestamp":"2024-12-26T13:27:48.002Z"}
{"level":"info","message":"Server 3003-portda ishga tushdi","timestamp":"2024-12-26T13:27:48.004Z"}
{"level":"info","message":"Muhit: undefined","timestamp":"2024-12-26T13:27:48.005Z"}
{"description":"Conflict: terminated by other getUpdates request; make sure that only one bot instance is running","error_code":409,"level":"error","message":"Qayta ishlanmagan rad etish: Call to 'getUpdates' failed! (409: Conflict: terminated by other getUpdates request; make sure that only one bot instance is running)","method":"getUpdates","name":"GrammyError","ok":false,"parameters":{},"payload":{"offset":1,"timeout":30},"stack":"GrammyError: Call to 'getUpdates' failed! (409: Conflict: terminated by other getUpdates request; make sure that only one bot instance is running)\n    at toGrammyError (/home/zufar/Desktop/Examination/ustoz_shogirt_bot/node_modules/grammy/out/core/error.js:47:12)\n    at ApiClient.callApi (/home/zufar/Desktop/Examination/ustoz_shogirt_bot/node_modules/grammy/out/core/client.js:97:48)\n    at process.processTicksAndRejections (node:internal/process/task_queues:95:5)\n    at async Bot.fetchUpdates (/home/zufar/Desktop/Examination/ustoz_shogirt_bot/node_modules/grammy/out/bot.js:422:27)\n    at async Bot.loop (/home/zufar/Desktop/Examination/ustoz_shogirt_bot/node_modules/grammy/out/bot.js:393:33)\n    at async Bot.start (/home/zufar/Desktop/Examination/ustoz_shogirt_bot/node_modules/grammy/out/bot.js:314:9)","timestamp":"2024-12-26T13:27:48.930Z"}
{"level":"info","message":"Toxtatish signali qabul qilindi. Xizmatni to'xtatish boshlandi...","timestamp":"2024-12-26T13:27:56.358Z"}
